https://www.bandlab.com/web-app/common/workers/metronome.js
